Archive member included to satisfy reference by file (symbol)

D:/STM32CubeIDE/plugins/com.st.stm32cube.ide.mcu.externaltools.gnu-tools-for-stm32.12.3.rel1.win32_1.0.200.202406191623/tools/bin/../lib/gcc/arm-none-eabi/12.3.1/../../../../arm-none-eabi/lib/thumb/v7e-m+fp/hard\libc_nano.a(libc_a-exit.o)
                              D:/STM32CubeIDE/plugins/com.st.stm32cube.ide.mcu.externaltools.gnu-tools-for-stm32.12.3.rel1.win32_1.0.200.202406191623/tools/bin/../lib/gcc/arm-none-eabi/12.3.1/../../../../arm-none-eabi/lib/thumb/v7e-m+fp/hard/crt0.o (exit)
D:/STM32CubeIDE/plugins/com.st.stm32cube.ide.mcu.externaltools.gnu-tools-for-stm32.12.3.rel1.win32_1.0.200.202406191623/tools/bin/../lib/gcc/arm-none-eabi/12.3.1/../../../../arm-none-eabi/lib/thumb/v7e-m+fp/hard\libc_nano.a(libc_a-findfp.o)
                              D:/STM32CubeIDE/plugins/com.st.stm32cube.ide.mcu.externaltools.gnu-tools-for-stm32.12.3.rel1.win32_1.0.200.202406191623/tools/bin/../lib/gcc/arm-none-eabi/12.3.1/../../../../arm-none-eabi/lib/thumb/v7e-m+fp/hard\libc_nano.a(libc_a-exit.o) (__stdio_exit_handler)
D:/STM32CubeIDE/plugins/com.st.stm32cube.ide.mcu.externaltools.gnu-tools-for-stm32.12.3.rel1.win32_1.0.200.202406191623/tools/bin/../lib/gcc/arm-none-eabi/12.3.1/../../../../arm-none-eabi/lib/thumb/v7e-m+fp/hard\libc_nano.a(libc_a-fwalk.o)
                              D:/STM32CubeIDE/plugins/com.st.stm32cube.ide.mcu.externaltools.gnu-tools-for-stm32.12.3.rel1.win32_1.0.200.202406191623/tools/bin/../lib/gcc/arm-none-eabi/12.3.1/../../../../arm-none-eabi/lib/thumb/v7e-m+fp/hard\libc_nano.a(libc_a-findfp.o) (_fwalk_sglue)
D:/STM32CubeIDE/plugins/com.st.stm32cube.ide.mcu.externaltools.gnu-tools-for-stm32.12.3.rel1.win32_1.0.200.202406191623/tools/bin/../lib/gcc/arm-none-eabi/12.3.1/../../../../arm-none-eabi/lib/thumb/v7e-m+fp/hard\libc_nano.a(libc_a-stdio.o)
                              D:/STM32CubeIDE/plugins/com.st.stm32cube.ide.mcu.externaltools.gnu-tools-for-stm32.12.3.rel1.win32_1.0.200.202406191623/tools/bin/../lib/gcc/arm-none-eabi/12.3.1/../../../../arm-none-eabi/lib/thumb/v7e-m+fp/hard\libc_nano.a(libc_a-findfp.o) (__sread)
D:/STM32CubeIDE/plugins/com.st.stm32cube.ide.mcu.externaltools.gnu-tools-for-stm32.12.3.rel1.win32_1.0.200.202406191623/tools/bin/../lib/gcc/arm-none-eabi/12.3.1/../../../../arm-none-eabi/lib/thumb/v7e-m+fp/hard\libc_nano.a(libc_a-memset.o)
                              D:/STM32CubeIDE/plugins/com.st.stm32cube.ide.mcu.externaltools.gnu-tools-for-stm32.12.3.rel1.win32_1.0.200.202406191623/tools/bin/../lib/gcc/arm-none-eabi/12.3.1/../../../../arm-none-eabi/lib/thumb/v7e-m+fp/hard/crt0.o (memset)
D:/STM32CubeIDE/plugins/com.st.stm32cube.ide.mcu.externaltools.gnu-tools-for-stm32.12.3.rel1.win32_1.0.200.202406191623/tools/bin/../lib/gcc/arm-none-eabi/12.3.1/../../../../arm-none-eabi/lib/thumb/v7e-m+fp/hard\libc_nano.a(libc_a-closer.o)
                              D:/STM32CubeIDE/plugins/com.st.stm32cube.ide.mcu.externaltools.gnu-tools-for-stm32.12.3.rel1.win32_1.0.200.202406191623/tools/bin/../lib/gcc/arm-none-eabi/12.3.1/../../../../arm-none-eabi/lib/thumb/v7e-m+fp/hard\libc_nano.a(libc_a-stdio.o) (_close_r)
D:/STM32CubeIDE/plugins/com.st.stm32cube.ide.mcu.externaltools.gnu-tools-for-stm32.12.3.rel1.win32_1.0.200.202406191623/tools/bin/../lib/gcc/arm-none-eabi/12.3.1/../../../../arm-none-eabi/lib/thumb/v7e-m+fp/hard\libc_nano.a(libc_a-reent.o)
                              D:/STM32CubeIDE/plugins/com.st.stm32cube.ide.mcu.externaltools.gnu-tools-for-stm32.12.3.rel1.win32_1.0.200.202406191623/tools/bin/../lib/gcc/arm-none-eabi/12.3.1/../../../../arm-none-eabi/lib/thumb/v7e-m+fp/hard\libc_nano.a(libc_a-closer.o) (errno)
D:/STM32CubeIDE/plugins/com.st.stm32cube.ide.mcu.externaltools.gnu-tools-for-stm32.12.3.rel1.win32_1.0.200.202406191623/tools/bin/../lib/gcc/arm-none-eabi/12.3.1/../../../../arm-none-eabi/lib/thumb/v7e-m+fp/hard\libc_nano.a(libc_a-impure.o)
                              D:/STM32CubeIDE/plugins/com.st.stm32cube.ide.mcu.externaltools.gnu-tools-for-stm32.12.3.rel1.win32_1.0.200.202406191623/tools/bin/../lib/gcc/arm-none-eabi/12.3.1/../../../../arm-none-eabi/lib/thumb/v7e-m+fp/hard\libc_nano.a(libc_a-reent.o) (_impure_ptr)
D:/STM32CubeIDE/plugins/com.st.stm32cube.ide.mcu.externaltools.gnu-tools-for-stm32.12.3.rel1.win32_1.0.200.202406191623/tools/bin/../lib/gcc/arm-none-eabi/12.3.1/../../../../arm-none-eabi/lib/thumb/v7e-m+fp/hard\libc_nano.a(libc_a-lseekr.o)
                              D:/STM32CubeIDE/plugins/com.st.stm32cube.ide.mcu.externaltools.gnu-tools-for-stm32.12.3.rel1.win32_1.0.200.202406191623/tools/bin/../lib/gcc/arm-none-eabi/12.3.1/../../../../arm-none-eabi/lib/thumb/v7e-m+fp/hard\libc_nano.a(libc_a-stdio.o) (_lseek_r)
D:/STM32CubeIDE/plugins/com.st.stm32cube.ide.mcu.externaltools.gnu-tools-for-stm32.12.3.rel1.win32_1.0.200.202406191623/tools/bin/../lib/gcc/arm-none-eabi/12.3.1/../../../../arm-none-eabi/lib/thumb/v7e-m+fp/hard\libc_nano.a(libc_a-readr.o)
[...]
Memory Configuration

Name             Origin             Length             Attributes
CCMRAM           0x10000000         0x00010000         xrw
RAM              0x20000000         0x00020000         xrw
FLASH            0x08000000         0x00100000         xr
*default*        0x00000000         0xffffffff

Linker script and memory map

LOAD D:/STM32CubeIDE/plugins/com.st.stm32cube.ide.mcu.externaltools.gnu-tools-for-stm32.12.3.rel1.win32_1.0.200.202406191623/tools/bin/../lib/gcc/arm-none-eabi/12.3.1/thumb/v7e-m+fp/hard/crti.o
LOAD D:/STM32CubeIDE/plugins/com.st.stm32cube.ide.mcu.externaltools.gnu-tools-for-stm32.12.3.rel1.win32_1.0.200.202406191623/tools/bin/../lib/gcc/arm-none-eabi/12.3.1/thumb/v7e-m+fp/hard/crtbegin.o
LOAD D:/STM32CubeIDE/plugins/com.st.stm32cube.ide.mcu.externaltools.gnu-tools-for-stm32.12.3.rel1.win32_1.0.200.202406191623/tools/bin/../lib/gcc/arm-none-eabi/12.3.1/../../../../arm-none-eabi/lib/thumb/v7e-m+fp/hard/crt0.o
LOAD ./Core/Src/can.o
LOAD ./Core/Src/gpio.o
LOAD ./Core/Src/main.o
LOAD ./Core/Src/motor_can.o
LOAD ./Core/Src/pid.o
LOAD ./Core/Src/stm32f4xx_hal_msp.o
LOAD ./Core/Src/stm32f4xx_it.o
LOAD ./Core/Src/syscalls.o
LOAD ./Core/Src/sysmem.o
LOAD ./Core/Src/system_stm32f4xx.o
LOAD ./Core/Src/usart.o
LOAD ./Core/Startup/startup_stm32f407ighx.o
LOAD ./Drivers/STM32F4xx_HAL_Driver/Src/stm32f4xx_hal.o
LOAD ./Drivers/STM32F4xx_HAL_Driver/Src/stm32f4xx_hal_can.o
LOAD ./Drivers/STM32F4xx_HAL_Driver/Src/stm32f4xx_hal_cortex.o
LOAD ./Drivers/STM32F4xx_HAL_Driver/Src/stm32f4xx_hal_dma.o
LOAD ./Drivers/STM32F4xx_HAL_Driver/Src/stm32f4xx_hal_dma_ex.o
LOAD ./Drivers/STM32F4xx_HAL_Driver/Src/stm32f4xx_hal_exti.o
LOAD ./Drivers/STM32F4xx_HAL_Driver/Src/stm32f4xx_hal_flash.o
LOAD ./Drivers/STM32F4xx_HAL_Driver/Src/stm32f4xx_hal_flash_ex.o
LOAD ./Drivers/STM32F4xx_HAL_Driver/Src/stm32f4xx_hal_flash_ramfunc.o
LOAD ./Drivers/STM32F4xx_HAL_Driver/Src/stm32f4xx_hal_gpio.o
LOAD ./Drivers/STM32F4xx_HAL_Driver/Src/stm32f4xx_hal_pwr.o
LOAD ./Drivers/STM32F4xx_HAL_Driver/Src/stm32f4xx_hal_pwr_ex.o
LOAD ./Drivers/STM32F4xx_HAL_Driver/Src/stm32f4xx_hal_rcc.o
LOAD ./Drivers/STM32F4xx_HAL_Driver/Src/stm32f4xx_hal_rcc_ex.o
LOAD ./Drivers/STM32F4xx_HAL_Driver/Src/stm32f4xx_hal_tim.o
LOAD ./Drivers/STM32F4xx_HAL_Driver/Src/stm32f4xx_hal_tim_ex.o
LOAD ./Drivers/STM32F4xx_HAL_Driver/Src/stm32f4xx_hal_uart.o
START GROUP
LOAD D:/STM32CubeIDE/plugins/com.st.stm32cube.ide.mcu.externaltools.gnu-tools-for-stm32.12.3.rel1.win32_1.0.200.202406191623/tools/bin/../lib/gcc/arm-none-eabi/12.3.1/../../../../arm-none-eabi/lib/thumb/v7e-m+fp/hard\libc_nano.a
LOAD D:/STM32CubeIDE/plugins/com.st.stm32cube.ide.mcu.externaltools.gnu-tools-for-stm32.12.3.rel1.win32_1.0.200.202406191623/tools/bin/../lib/gcc/arm-none-eabi/12.3.1/../../../../arm-none-eabi/lib/thumb/v7e-m+fp/hard\libm.a
END GROUP
START GROUP
LOAD D:/STM32CubeIDE/plugins/com.st.stm32cube.ide.mcu.externaltools.gnu-tools-for-stm32.12.3.rel1.win32_1.0.200.202406191623/tools/bin/../lib/gcc/arm-none-eabi/12.3.1/thumb/v7e-m+fp/hard\libgcc.a
LOAD D:/STM32CubeIDE/plugins/com.st.stm32cube.ide.mcu.externaltools.gnu-tools-for-stm32.12.3.rel1.win32_1.0.200.202406191623/tools/bin/../lib/gcc/arm-none-eabi/12.3.1/../../../../arm-none-eabi/lib/thumb/v7e-m+fp/hard\libc_nano.a
END GROUP
START GROUP
LOAD D:/STM32CubeIDE/plugins/com.st.stm32cube.ide.mcu.externaltools.gnu-tools-for-stm32.12.3.rel1.win32_1.0.200.202406191623/tools/bin/../lib/gcc/arm-none-eabi/12.3.1/thumb/v7e-m+fp/hard\libgcc.a
LOAD D:/STM32CubeIDE/plugins/com.st.stm32cube.ide.mcu.externaltools.gnu-tools-for-stm32.12.3.rel1.win32_1.0.200.202406191623/tools/bin/../lib/gcc/arm-none-eabi/12.3.1/../../../../arm-none-eabi/lib/thumb/v7e-m+fp/hard\libc_nano.a
LOAD D:/STM32CubeIDE/plugins/com.st.stm32cube.ide.mcu.externaltools.gnu-tools-for-stm32.12.3.rel1.win32_1.0.200.202406191623/tools/bin/../lib/gcc/arm-none-eabi/12.3.1/../../../../arm-none-eabi/lib/thumb/v7e-m+fp/hard\libnosys.a
END GROUP
START GROUP
LOAD D:/STM32CubeIDE/plugins/com.st.stm32cube.ide.mcu.externaltools.gnu-tools-for-stm32.12.3.rel1.win32_1.0.200.202406191623/tools/bin/../lib/gcc/arm-none-eabi/12.3.1/thumb/v7e-m+fp/hard\libgcc.a
LOAD D:/STM32CubeIDE/plugins/com.st.stm32cube.ide.mcu.externaltools.gnu-tools-for-stm32.12.3.rel1.win32_1.0.200.202406191623/tools/bin/../lib/gcc/arm-none-eabi/12.3.1/../../../../arm-none-eabi/lib/thumb/v7e-m+fp/hard\libc_nano.a
LOAD D:/STM32CubeIDE/plugins/com.st.stm32cube.ide.mcu.externaltools.gnu-tools-for-stm32.12.3.rel1.win32_1.0.200.202406191623/tools/bin/../lib/gcc/arm-none-eabi/12.3.1/../../../../arm-none-eabi/lib/thumb/v7e-m+fp/hard\libnosys.a
END GROUP
LOAD D:/STM32CubeIDE/plugins/com.st.stm32cube.ide.mcu.externaltools.gnu-tools-for-stm32.12.3.rel1.win32_1.0.200.202406191623/tools/bin/../lib/gcc/arm-none-eabi/12.3.1/thumb/v7e-m+fp/hard/crtend.o
LOAD D:/STM32CubeIDE/plugins/com.st.stm32cube.ide.mcu.externaltools.gnu-tools-for-stm32.12.3.rel1.win32_1.0.200.202406191623/tools/bin/../lib/gcc/arm-none-eabi/12.3.1/thumb/v7e-m+fp/hard/crtn.o
                0x20020000                        _estack = (ORIGIN (RAM) + LENGTH (RAM))
                0x00000200                        _Min_Heap_Size = 0x200
                0x00000400                        _Min_Stack_Size = 0x400

.isr_vector     0x08000000      0x188
                0x08000000                        . = ALIGN (0x4)
 *(.isr_vector)
 .isr_vector    0x08000000      0x188 ./Core/Startup/startup_stm32f407ighx.o
                0x08000000                g_pfnVectors
                0x08000188                        . = ALIGN (0x4)

.text           0x08000188     0x4578
                0x08000188                        . = ALIGN (0x4)
 *(.text)
 .text          0x08000188       0x40 D:/STM32CubeIDE/plugins/com.st.stm32cube.ide.mcu.externaltools.gnu-tools-for-stm32.12.3.rel1.win32_1.0.200.202406191623/tools/bin/../lib/gcc/arm-none-eabi/12.3.1/thumb/v7e-m+fp/hard/crtbegin.o
 .text          0x080001c8      0x378 D:/STM32CubeIDE/plugins/com.st.stm32cube.ide.mcu.externaltools.gnu-tools-for-stm32.12.3.rel1.win32_1.0.200.202406191623/tools/bin/../lib/gcc/arm-none-eabi/12.3.1/thumb/v7e-m+fp/hard\libgcc.a(_arm_addsubdf3.o)
                0x080001c8                __aeabi_drsub
                0x080001d0                __aeabi_dsub
                0x080001d0                __subdf3
                0x080001d4                __aeabi_dadd
                0x080001d4                __adddf3
                0x0800044c                __floatunsidf
                0x0800044c                __aeabi_ui2d
                0x0800046c                __floatsidf
                0x0800046c                __aeabi_i2d
                0x08000490                __aeabi_f2d
                0x08000490                __extendsfdf2
                0x080004d4                __floatundidf
                0x080004d4                __aeabi_ul2d
                0x080004e4                __floatdidf
                0x080004e4                __aeabi_l2d
 .text          0x08000540      0x424 D:/STM32CubeIDE/plugins/com.st.stm32cube.ide.mcu.externaltools.gnu-tools-for-stm32.12.3.rel1.win32_1.0.200.202406191623/tools/bin/../lib/gcc/arm-none-eabi/12.3.1/thumb/v7e-m+fp/hard\libgcc.a(_arm_muldivdf3.o)
                0x08000540                __aeabi_dmul
                0x08000540                __muldf3
                0x08000794                __divdf3
                0x08000794                __aeabi_ddiv
 .text          0x08000964       0xa0 D:/STM32CubeIDE/plugins/com.st.stm32cube.ide.mcu.externaltools.gnu-tools-for-stm32.12.3.rel1.win32_1.0.200.202406191623/tools/bin/../lib/gcc/arm-none-eabi/12.3.1/thumb/v7e-m+fp/hard\libgcc.a(_arm_truncdfsf2.o)
                0x08000964                __truncdfsf2
                0x08000964                __aeabi_d2f
 .text          0x08000a04       0x30 D:/STM32CubeIDE/plugins/com.st.stm32cube.ide.mcu.externaltools.gnu-tools-for-stm32.12.3.rel1.win32_1.0.200.202406191623/tools/bin/../lib/gcc/arm-none-eabi/12.3.1/thumb/v7e-m+fp/hard\libgcc.a(_aeabi_uldivmod.o)
                0x08000a04                __aeabi_uldivmod
 .text          0x08000a34      0x2bc D:/STM32CubeIDE/plugins/com.st.stm32cube.ide.mcu.externaltools.gnu-tools-for-stm32.12.3.rel1.win32_1.0.200.202406191623/tools/bin/../lib/gcc/arm-none-eabi/12.3.1/thumb/v7e-m+fp/hard\libgcc.a(_udivmoddi4.o)
                0x08000a34                __udivmoddi4
 .text          0x08000cf0        0x4 D:/STM32CubeIDE/plugins/com.st.stm32cube.ide.mcu.externaltools.gnu-tools-for-stm32.12.3.rel1.win32_1.0.200.202406191623/tools/bin/../lib/gcc/arm-none-eabi/12.3.1/thumb/v7e-m+fp/hard\libgcc.a(_dvmd_tls.o)
                0x08000cf0                __aeabi_idiv0
                0x08000cf0                __aeabi_ldiv0
 *(.text*)
 .text.MX_CAN1_Init
                0x08000cf4       0x6c ./Core/Src/can.o
                0x08000cf4                MX_CAN1_Init
 .text.HAL_CAN_MspInit
                0x08000d60       0xb0 ./Core/Src/can.o
                0x08000d60                HAL_CAN_MspInit
 .text.MX_GPIO_Init
                0x08000e10       0xdc ./Core/Src/gpio.o
                0x08000e10                MX_GPIO_Init
 .text.msp      0x08000eec       0x8c ./Core/Src/main.o
                0x08000eec                msp
 .text.HAL_UART_RxCpltCallback
                0x08000f78       0x54 ./Core/Src/main.o
                0x08000f78                HAL_UART_RxCpltCallback
 *fill*         0x08000fcc        0x4 
 .text.main     0x08000fd0      0x1d4 ./Core/Src/main.o
                0x08000fd0                main
 .text.SystemClock_Config
                0x080011a4       0xd4 ./Core/Src/main.o
                0x080011a4                SystemClock_Config
 .text.Error_Handler
                0x08001278        0xc ./Core/Src/main.o
                0x08001278                Error_Handler
 .text.can_filter_init
                0x08001284       0x50 ./Core/Src/motor_can.o
                0x08001284                can_filter_init
 .text.HAL_CAN_RxFifo0MsgPendingCallback
                0x080012d4       0xd4 ./Core/Src/motor_can.o
                0x080012d4                HAL_CAN_RxFifo0MsgPendingCallback
 .text.set_GM6020_motor_voltage
                0x080013a8       0x6c ./Core/Src/motor_can.o
                0x080013a8                set_GM6020_motor_voltage
 .text.pid_init
                0x08001414       0x46 ./Core/Src/pid.o
                0x08001414                pid_init
 .text.pid_calc
                0x0800145a       0xc6 ./Core/Src/pid.o
                0x0800145a                pid_calc
 .text.gimbal_PID_init
                0x08001520       0x98 ./Core/Src/pid.o
                0x08001520                gimbal_PID_init
 .text.HAL_MspInit
                0x080015b8       0x50 ./Core/Src/stm32f4xx_hal_msp.o
                0x080015b8                HAL_MspInit
 .text.NMI_Handler
                0x08001608        0x8 ./Core/Src/stm32f4xx_it.o
                0x08001608                NMI_Handler
 .text.HardFault_Handler
                0x08001610        0x8 ./Core/Src/stm32f4xx_it.o
                0x08001610                HardFault_Handler
 .text.MemManage_Handler
                0x08001618        0x8 ./Core/Src/stm32f4xx_it.o
                0x08001618                MemManage_Handler
 .text.BusFault_Handler
                0x08001620        0x8 ./Core/Src/stm32f4xx_it.o
                0x08001620                BusFault_Handler
 .text.UsageFault_Handler
                0x08001628        0x8 ./Core/Src/stm32f4xx_it.o
                0x08001628                UsageFault_Handler
 .text.SVC_Handler
                0x08001630        0xe ./Core/Src/stm32f4xx_it.o
                0x08001630                SVC_Handler
 .text.DebugMon_Handler
                0x0800163e        0xe ./Core/Src/stm32f4xx_it.o
                0x0800163e                DebugMon_Handler
 .text.PendSV_Handler
                0x0800164c        0xe ./Core/Src/stm32f4xx_it.o
                0x0800164c                PendSV_Handler
 .text.SysTick_Handler
                0x0800165a        0xc ./Core/Src/stm32f4xx_it.o
                0x0800165a                SysTick_Handler
 *fill*         0x08001666        0x2 
 .text.CAN1_RX0_IRQHandler
                0x08001668       0x14 ./Core/Src/stm32f4xx_it.o
                0x08001668                CAN1_RX0_IRQHandler
 .text.CAN1_RX1_IRQHandler
                0x0800167c       0x14 ./Core/Src/stm32f4xx_it.o
                0x0800167c                CAN1_RX1_IRQHandler
 .text.USART1_IRQHandler
                0x08001690       0x14 ./Core/Src/stm32f4xx_it.o
                0x08001690                USART1_IRQHandler
 .text.SystemInit
                0x080016a4       0x24 ./Core/Src/system_stm32f4xx.o
                0x080016a4                SystemInit
 .text.MX_USART1_UART_Init
                0x080016c8       0x54 ./Core/Src/usart.o
                0x080016c8                MX_USART1_UART_Init
 .text.HAL_UART_MspInit
                0x0800171c       0xe0 ./Core/Src/usart.o
                0x0800171c                HAL_UART_MspInit
 .text.Reset_Handler
                0x080017fc       0x50 ./Core/Startup/startup_stm32f407ighx.o
                0x080017fc                Reset_Handler
 .text.Default_Handler
                0x0800184c        0x2 ./Core/Startup/startup_stm32f407ighx.o
                0x0800184c                RTC_Alarm_IRQHandler
                0x0800184c                HASH_RNG_IRQHandler
                0x0800184c                EXTI2_IRQHandler
                0x0800184c                TIM8_CC_IRQHandler
                0x0800184c                TIM1_CC_IRQHandler
                0x0800184c                DMA2_Stream5_IRQHandler
                0x0800184c                DMA1_Stream5_IRQHandler
                0x0800184c                PVD_IRQHandler
                0x0800184c                SDIO_IRQHandler
                0x0800184c                TAMP_STAMP_IRQHandler
                0x0800184c                CAN2_RX1_IRQHandler
                0x0800184c                EXTI3_IRQHandler
                0x0800184c                TIM8_TRG_COM_TIM14_IRQHandler
                0x0800184c                TIM1_UP_TIM10_IRQHandler
                0x0800184c                TIM8_UP_TIM13_IRQHandler
                0x0800184c                I2C3_ER_IRQHandler
                0x0800184c                EXTI0_IRQHandler
                0x0800184c                I2C2_EV_IRQHandler
                0x0800184c                DMA1_Stream2_IRQHandler
                0x0800184c                FPU_IRQHandler
                0x0800184c                OTG_HS_WKUP_IRQHandler
                0x0800184c                CAN2_SCE_IRQHandler
                0x0800184c                DMA2_Stream2_IRQHandler
                0x0800184c                SPI1_IRQHandler
                0x0800184c                TIM6_DAC_IRQHandler
                0x0800184c                TIM1_BRK_TIM9_IRQHandler
                0x0800184c                DCMI_IRQHandler
                0x0800184c                CAN2_RX0_IRQHandler
                0x0800184c                DMA2_Stream3_IRQHandler
                0x0800184c                USART6_IRQHandler
                0x0800184c                USART3_IRQHandler
                0x0800184c                UART5_IRQHandler
                0x0800184c                DMA2_Stream0_IRQHandler
                0x0800184c                TIM4_IRQHandler
                0x0800184c                I2C1_EV_IRQHandler
                0x0800184c                DMA1_Stream6_IRQHandler
                0x0800184c                DMA1_Stream1_IRQHandler
                0x0800184c                UART4_IRQHandler
                0x0800184c                TIM3_IRQHandler
                0x0800184c                RCC_IRQHandler
                0x0800184c                TIM8_BRK_TIM12_IRQHandler
                0x0800184c                Default_Handler
                0x0800184c                EXTI15_10_IRQHandler
                0x0800184c                ADC_IRQHandler
                0x0800184c                DMA1_Stream7_IRQHandler
                0x0800184c                TIM7_IRQHandler
                0x0800184c                CAN2_TX_IRQHandler
                0x0800184c                TIM5_IRQHandler
                0x0800184c                DMA2_Stream7_IRQHandler
                0x0800184c                I2C3_EV_IRQHandler
                0x0800184c                EXTI9_5_IRQHandler
                0x0800184c                RTC_WKUP_IRQHandler
                0x0800184c                ETH_WKUP_IRQHandler
                0x0800184c                SPI2_IRQHandler
                0x0800184c                OTG_HS_EP1_IN_IRQHandler
                0x0800184c                DMA1_Stream0_IRQHandler
                0x0800184c                CAN1_TX_IRQHandler
                0x0800184c                EXTI4_IRQHandler
                0x0800184c                FSMC_IRQHandler
                0x0800184c                ETH_IRQHandler
                0x0800184c                OTG_HS_EP1_OUT_IRQHandler
                0x0800184c                WWDG_IRQHandler
                0x0800184c                TIM2_IRQHandler
                0x0800184c                OTG_FS_WKUP_IRQHandler
                0x0800184c                TIM1_TRG_COM_TIM11_IRQHandler
                0x0800184c                OTG_HS_IRQHandler
                0x0800184c                EXTI1_IRQHandler
                0x0800184c                USART2_IRQHandler
                0x0800184c                I2C2_ER_IRQHandler
                0x0800184c                DMA2_Stream1_IRQHandler
                0x0800184c                CAN1_SCE_IRQHandler
                0x0800184c                FLASH_IRQHandler
                0x0800184c                DMA2_Stream4_IRQHandler
                0x0800184c                OTG_FS_IRQHandler
                0x0800184c                SPI3_IRQHandler
                0x0800184c                DMA1_Stream4_IRQHandler
                0x0800184c                I2C1_ER_IRQHandler
                0x0800184c                DMA2_Stream6_IRQHandler
                0x0800184c                DMA1_Stream3_IRQHandler
 *fill*         0x0800184e        0x2 
 .text.HAL_Init
                0x08001850       0x44 ./Drivers/STM32F4xx_HAL_Driver/Src/stm32f4xx_hal.o
                0x08001850                HAL_Init
 .text.HAL_InitTick
                0x08001894       0x60 ./Drivers/STM32F4xx_HAL_Driver/Src/stm32f4xx_hal.o
                0x08001894                HAL_InitTick
 .text.HAL_IncTick
                0x080018f4       0x28 ./Drivers/STM32F4xx_HAL_Driver/Src/stm32f4xx_hal.o
                0x080018f4                HAL_IncTick
 .text.HAL_GetTick
                0x0800191c       0x18 ./Drivers/STM32F4xx_HAL_Driver/Src/stm32f4xx_hal.o
                0x0800191c                HAL_GetTick
 .text.HAL_Delay
                0x08001934       0x48 ./Drivers/STM32F4xx_HAL_Driver/Src/stm32f4xx_hal.o
                0x08001934                HAL_Delay
 .text.HAL_CAN_Init
                0x0800197c      0x1f6 ./Drivers/STM32F4xx_HAL_Driver/Src/stm32f4xx_hal_can.o
                0x0800197c                HAL_CAN_Init
 *fill*         0x08001b72        0x2 
 .text.HAL_CAN_ConfigFilter
                0x08001b74      0x1c0 ./Drivers/STM32F4xx_HAL_Driver/Src/stm32f4xx_hal_can.o
                0x08001b74                HAL_CAN_ConfigFilter
 .text.HAL_CAN_Start
                0x08001d34       0x88 ./Drivers/STM32F4xx_HAL_Driver/Src/stm32f4xx_hal_can.o
                0x08001d34                HAL_CAN_Start
 .text.HAL_CAN_AddTxMessage
                0x08001dbc      0x1a0 ./Drivers/STM32F4xx_HAL_Driver/Src/stm32f4xx_hal_can.o
                0x08001dbc                HAL_CAN_AddTxMessage
 .text.HAL_CAN_GetRxMessage
                0x08001f5c      0x244 ./Drivers/STM32F4xx_HAL_Driver/Src/stm32f4xx_hal_can.o
                0x08001f5c                HAL_CAN_GetRxMessage
 .text.HAL_CAN_ActivateNotification
                0x080021a0       0x4c ./Drivers/STM32F4xx_HAL_Driver/Src/stm32f4xx_hal_can.o
                0x080021a0                HAL_CAN_ActivateNotification
 .text.HAL_CAN_IRQHandler
                0x080021ec      0x36e ./Drivers/STM32F4xx_HAL_Driver/Src/stm32f4xx_hal_can.o
                0x080021ec                HAL_CAN_IRQHandler
 .text.HAL_CAN_TxMailbox0CompleteCallback
                0x0800255a       0x14 ./Drivers/STM32F4xx_HAL_Driver/Src/stm32f4xx_hal_can.o
                0x0800255a                HAL_CAN_TxMailbox0CompleteCallback
 .text.HAL_CAN_TxMailbox1CompleteCallback
                0x0800256e       0x14 ./Drivers/STM32F4xx_HAL_Driver/Src/stm32f4xx_hal_can.o
                0x0800256e                HAL_CAN_TxMailbox1CompleteCallback
 .text.HAL_CAN_TxMailbox2CompleteCallback
                0x08002582       0x14 ./Drivers/STM32F4xx_HAL_Driver/Src/stm32f4xx_hal_can.o
                0x08002582                HAL_CAN_TxMailbox2CompleteCallback
 .text.HAL_CAN_TxMailbox0AbortCallback
                0x08002596       0x14 ./Drivers/STM32F4xx_HAL_Driver/Src/stm32f4xx_hal_can.o
                0x08002596                HAL_CAN_TxMailbox0AbortCallback
 .text.HAL_CAN_TxMailbox1AbortCallback
                0x080025aa       0x14 ./Drivers/STM32F4xx_HAL_Driver/Src/stm32f4xx_hal_can.o
                0x080025aa                HAL_CAN_TxMailbox1AbortCallback
 .text.HAL_CAN_TxMailbox2AbortCallback
                0x080025be       0x14 ./Drivers/STM32F4xx_HAL_Driver/Src/stm32f4xx_hal_can.o
                0x080025be                HAL_CAN_TxMailbox2AbortCallback
 .text.HAL_CAN_RxFifo0FullCallback
                0x080025d2       0x14 ./Drivers/STM32F4xx_HAL_Driver/Src/stm32f4xx_hal_can.o
                0x080025d2                HAL_CAN_RxFifo0FullCallback
 .text.HAL_CAN_RxFifo1MsgPendingCallback
                0x080025e6       0x14 ./Drivers/STM32F4xx_HAL_Driver/Src/stm32f4xx_hal_can.o
                0x080025e6                HAL_CAN_RxFifo1MsgPendingCallback
 .text.HAL_CAN_RxFifo1FullCallback
                0x080025fa       0x14 ./Drivers/STM32F4xx_HAL_Driver/Src/stm32f4xx_hal_can.o
                0x080025fa                HAL_CAN_RxFifo1FullCallback
 .text.HAL_CAN_SleepCallback
                0x0800260e       0x14 ./Drivers/STM32F4xx_HAL_Driver/Src/stm32f4xx_hal_can.o
                0x0800260e                HAL_CAN_SleepCallback
 .text.HAL_CAN_WakeUpFromRxMsgCallback
                0x08002622       0x14 ./Drivers/STM32F4xx_HAL_Driver/Src/stm32f4xx_hal_can.o
                0x08002622                HAL_CAN_WakeUpFromRxMsgCallback
 .text.HAL_CAN_ErrorCallback
                0x08002636       0x14 ./Drivers/STM32F4xx_HAL_Driver/Src/stm32f4xx_hal_can.o
                0x08002636                HAL_CAN_ErrorCallback
 *fill*         0x0800264a        0x2 
 .text.__NVIC_SetPriorityGrouping
                0x0800264c       0x48 ./Drivers/STM32F4xx_HAL_Driver/Src/stm32f4xx_hal_cortex.o
 .text.__NVIC_GetPriorityGrouping
                0x08002694       0x1c ./Drivers/STM32F4xx_HAL_Driver/Src/stm32f4xx_hal_cortex.o
 .text.__NVIC_EnableIRQ
                0x080026b0       0x3c ./Drivers/STM32F4xx_HAL_Driver/Src/stm32f4xx_hal_cortex.o
 .text.__NVIC_SetPriority
                0x080026ec       0x54 ./Drivers/STM32F4xx_HAL_Driver/Src/stm32f4xx_hal_cortex.o
 .text.NVIC_EncodePriority
                0x08002740       0x66 ./Drivers/STM32F4xx_HAL_Driver/Src/stm32f4xx_hal_cortex.o
 *fill*         0x080027a6        0x2 
 .text.SysTick_Config
                0x080027a8       0x44 ./Drivers/STM32F4xx_HAL_Driver/Src/stm32f4xx_hal_cortex.o
 .text.HAL_NVIC_SetPriorityGrouping
                0x080027ec       0x16 ./Drivers/STM32F4xx_HAL_Driver/Src/stm32f4xx_hal_cortex.o
                0x080027ec                HAL_NVIC_SetPriorityGrouping
 .text.HAL_NVIC_SetPriority
                0x08002802       0x38 ./Drivers/STM32F4xx_HAL_Driver/Src/stm32f4xx_hal_cortex.o
                0x08002802                HAL_NVIC_SetPriority
 .text.HAL_NVIC_EnableIRQ
                0x0800283a       0x1c ./Drivers/STM32F4xx_HAL_Driver/Src/stm32f4xx_hal_cortex.o
                0x0800283a                HAL_NVIC_EnableIRQ
 .text.HAL_SYSTICK_Config
                0x08002856       0x18 ./Drivers/STM32F4xx_HAL_Driver/Src/stm32f4xx_hal_cortex.o
                0x08002856                HAL_SYSTICK_Config
 .text.HAL_DMA_Abort
                0x0800286e       0xe0 ./Drivers/STM32F4xx_HAL_Driver/Src/stm32f4xx_hal_dma.o
                0x0800286e                HAL_DMA_Abort
 .text.HAL_DMA_Abort_IT
                0x0800294e       0x44 ./Drivers/STM32F4xx_HAL_Driver/Src/stm32f4xx_hal_dma.o
                0x0800294e                HAL_DMA_Abort_IT
 *fill*         0x08002992        0x2 
 .text.HAL_GPIO_Init
                0x08002994      0x338 ./Drivers/STM32F4xx_HAL_Driver/Src/stm32f4xx_hal_gpio.o
                0x08002994                HAL_GPIO_Init
 .text.HAL_GPIO_WritePin
                0x08002ccc       0x32 ./Drivers/STM32F4xx_HAL_Driver/Src/stm32f4xx_hal_gpio.o
                0x08002ccc                HAL_GPIO_WritePin
 .text.HAL_GPIO_TogglePin
                0x08002cfe       0x34 ./Drivers/STM32F4xx_HAL_Driver/Src/stm32f4xx_hal_gpio.o
                0x08002cfe                HAL_GPIO_TogglePin
 *fill*         0x08002d32        0x2 
 .text.HAL_RCC_OscConfig
                0x08002d34      0x4f0 ./Drivers/STM32F4xx_HAL_Driver/Src/stm32f4xx_hal_rcc.o
                0x08002d34                HAL_RCC_OscConfig
 .text.HAL_RCC_ClockConfig
                0x08003224      0x1cc ./Drivers/STM32F4xx_HAL_Driver/Src/stm32f4xx_hal_rcc.o
                0x08003224                HAL_RCC_ClockConfig
 .text.HAL_RCC_GetSysClockFreq
                0x080033f0      0x18c ./Drivers/STM32F4xx_HAL_Driver/Src/stm32f4xx_hal_rcc.o
                0x080033f0                HAL_RCC_GetSysClockFreq
 .text.HAL_RCC_GetHCLKFreq
                0x0800357c       0x18 ./Drivers/STM32F4xx_HAL_Driver/Src/stm32f4xx_hal_rcc.o
                0x0800357c                HAL_RCC_GetHCLKFreq
 .text.HAL_RCC_GetPCLK1Freq
                0x08003594       0x28 ./Drivers/STM32F4xx_HAL_Driver/Src/stm32f4xx_hal_rcc.o
                0x08003594                HAL_RCC_GetPCLK1Freq
 .text.HAL_RCC_GetPCLK2Freq
                0x080035bc       0x28 ./Drivers/STM32F4xx_HAL_Driver/Src/stm32f4xx_hal_rcc.o
                0x080035bc                HAL_RCC_GetPCLK2Freq
 .text.HAL_UART_Init
                0x080035e4       0xa0 ./Drivers/STM32F4xx_HAL_Driver/Src/stm32f4xx_hal_uart.o
                0x080035e4                HAL_UART_Init
 .text.HAL_UART_Transmit
                0x08003684      0x116 ./Drivers/STM32F4xx_HAL_Driver/Src/stm32f4xx_hal_uart.o
                0x08003684                HAL_UART_Transmit
 .text.HAL_UART_Receive_IT
                0x0800379a       0x4a ./Drivers/STM32F4xx_HAL_Driver/Src/stm32f4xx_hal_uart.o
                0x0800379a                HAL_UART_Receive_IT
 .text.HAL_UART_IRQHandler
                0x080037e4      0x524 ./Drivers/STM32F4xx_HAL_Driver/Src/stm32f4xx_hal_uart.o
                0x080037e4                HAL_UART_IRQHandler
 .text.HAL_UART_TxCpltCallback
                0x08003d08       0x14 ./Drivers/STM32F4xx_HAL_Driver/Src/stm32f4xx_hal_uart.o
                0x08003d08                HAL_UART_TxCpltCallback
 .text.HAL_UART_ErrorCallback
                0x08003d1c       0x14 ./Drivers/STM32F4xx_HAL_Driver/Src/stm32f4xx_hal_uart.o
                0x08003d1c                HAL_UART_ErrorCallback
 .text.HAL_UARTEx_RxEventCallback
                0x08003d30       0x18 ./Drivers/STM32F4xx_HAL_Driver/Src/stm32f4xx_hal_uart.o
                0x08003d30                HAL_UARTEx_RxEventCallback
 .text.UART_WaitOnFlagUntilTimeout
                0x08003d48       0xb2 ./Drivers/STM32F4xx_HAL_Driver/Src/stm32f4xx_hal_uart.o
 .text.UART_Start_Receive_IT
                0x08003dfa       0x74 ./Drivers/STM32F4xx_HAL_Driver/Src/stm32f4xx_hal_uart.o
                0x08003dfa                UART_Start_Receive_IT
 .text.UART_EndRxTransfer
                0x08003e6e       0xc6 ./Drivers/STM32F4xx_HAL_Driver/Src/stm32f4xx_hal_uart.o
 .text.UART_DMAAbortOnError
                0x08003f34       0x28 ./Drivers/STM32F4xx_HAL_Driver/Src/stm32f4xx_hal_uart.o
 .text.UART_Transmit_IT
                0x08003f5c       0xa0 ./Drivers/STM32F4xx_HAL_Driver/Src/stm32f4xx_hal_uart.o
 .text.UART_EndTransmit_IT
                0x08003ffc       0x30 ./Drivers/STM32F4xx_HAL_Driver/Src/stm32f4xx_hal_uart.o
 .text.UART_Receive_IT
                0x0800402c      0x17c ./Drivers/STM32F4xx_HAL_Driver/Src/stm32f4xx_hal_uart.o
 .text.UART_SetConfig
                0x080041a8      0x4e8 ./Drivers/STM32F4xx_HAL_Driver/Src/stm32f4xx_hal_uart.o
 .text.memset   0x08004690       0x10 D:/STM32CubeIDE/plugins/com.st.stm32cube.ide.mcu.externaltools.gnu-tools-for-stm32.12.3.rel1.win32_1.0.200.202406191623/tools/bin/../lib/gcc/arm-none-eabi/12.3.1/../../../../arm-none-eabi/lib/thumb/v7e-m+fp/hard\libc_nano.a(libc_a-memset.o)
                0x08004690                memset
 .text.__libc_init_array
                0x080046a0       0x48 D:/STM32CubeIDE/plugins/com.st.stm32cube.ide.mcu.externaltools.gnu-tools-for-stm32.12.3.rel1.win32_1.0.200.202406191623/tools/bin/../lib/gcc/arm-none-eabi/12.3.1/../../../../arm-none-eabi/lib/thumb/v7e-m+fp/hard\libc_nano.a(libc_a-init.o)
                0x080046a0                __libc_init_array
 *(.glue_7)
 .glue_7        0x080046e8        0x0 linker stubs
 *(.glue_7t)
 .glue_7t       0x080046e8        0x0 linker stubs
 *(.eh_frame)
 .eh_frame      0x080046e8        0x0 D:/STM32CubeIDE/plugins/com.st.stm32cube.ide.mcu.externaltools.gnu-tools-for-stm32.12.3.rel1.win32_1.0.200.202406191623/tools/bin/../lib/gcc/arm-none-eabi/12.3.1/thumb/v7e-m+fp/hard/crtbegin.o
 *(.init)
 .init          0x080046e8        0x4 D:/STM32CubeIDE/plugins/com.st.stm32cube.ide.mcu.externaltools.gnu-tools-for-stm32.12.3.rel1.win32_1.0.200.202406191623/tools/bin/../lib/gcc/arm-none-eabi/12.3.1/thumb/v7e-m+fp/hard/crti.o
                0x080046e8                _init
 .init          0x080046ec        0x8 D:/STM32CubeIDE/plugins/com.st.stm32cube.ide.mcu.externaltools.gnu-tools-for-stm32.12.3.rel1.win32_1.0.200.202406191623/tools/bin/../lib/gcc/arm-none-eabi/12.3.1/thumb/v7e-m+fp/hard/crtn.o
 *(.fini)
 .fini          0x080046f4        0x4 D:/STM32CubeIDE/plugins/com.st.stm32cube.ide.mcu.externaltools.gnu-tools-for-stm32.12.3.rel1.win32_1.0.200.202406191623/tools/bin/../lib/gcc/arm-none-eabi/12.3.1/thumb/v7e-m+fp/hard/crti.o
                0x080046f4                _fini
 .fini          0x080046f8        0x8 D:/STM32CubeIDE/plugins/com.st.stm32cube.ide.mcu.externaltools.gnu-tools-for-stm32.12.3.rel1.win32_1.0.200.202406191623/tools/bin/../lib/gcc/arm-none-eabi/12.3.1/thumb/v7e-m+fp/hard/crtn.o
                0x08004700                        . = ALIGN (0x4)
                0x08004700                        _etext = .

.vfp11_veneer   0x08004700        0x0
 .vfp11_veneer  0x08004700        0x0 linker stubs

.v4_bx          0x08004700        0x0
 .v4_bx         0x08004700        0x0 linker stubs

.iplt           0x08004700        0x0
 .iplt          0x08004700        0x0 D:/STM32CubeIDE/plugins/com.st.stm32cube.ide.mcu.externaltools.gnu-tools-for-stm32.12.3.rel1.win32_1.0.200.202406191623/tools/bin/../lib/gcc/arm-none-eabi/12.3.1/thumb/v7e-m+fp/hard/crtbegin.o

.rodata         0x08004700       0x18
                0x08004700                        . = ALIGN (0x4)
 *(.rodata)
 *(.rodata*)
 .rodata.AHBPrescTable
                0x08004700       0x10 ./Core/Src/system_stm32f4xx.o
                0x08004700                AHBPrescTable
 .rodata.APBPrescTable
                0x08004710        0x8 ./Core/Src/system_stm32f4xx.o
                0x08004710                APBPrescTable
                0x08004718                        . = ALIGN (0x4)

.ARM.extab      0x08004718        0x0
                0x08004718                        . = ALIGN (0x4)
 *(.ARM.extab* .gnu.linkonce.armextab.*)
                0x08004718                        . = ALIGN (0x4)

.ARM            0x08004718        0x8
                0x08004718                        . = ALIGN (0x4)
                0x08004718                        __exidx_start = .
 *(.ARM.exidx*)
 .ARM.exidx     0x08004718        0x8 D:/STM32CubeIDE/plugins/com.st.stm32cube.ide.mcu.externaltools.gnu-tools-for-stm32.12.3.rel1.win32_1.0.200.202406191623/tools/bin/../lib/gcc/arm-none-eabi/12.3.1/thumb/v7e-m+fp/hard\libgcc.a(_udivmoddi4.o)
                0x08004720                        __exidx_end = .
                0x08004720                        . = ALIGN (0x4)

.rel.dyn        0x08004720        0x0
 .rel.iplt      0x08004720        0x0 D:/STM32CubeIDE/plugins/com.st.stm32cube.ide.mcu.externaltools.gnu-tools-for-stm32.12.3.rel1.win32_1.0.200.202406191623/tools/bin/../lib/gcc/arm-none-eabi/12.3.1/thumb/v7e-m+fp/hard/crtbegin.o

.preinit_array  0x08004720        0x0
                0x08004720                        . = ALIGN (0x4)
                0x08004720                        PROVIDE (__preinit_array_start = .)
 *(.preinit_array*)
                0x08004720                        PROVIDE (__preinit_array_end = .)
                0x08004720                        . = ALIGN (0x4)

.init_array     0x08004720        0x4
                0x08004720                        . = ALIGN (0x4)
                0x08004720                        PROVIDE (__init_array_start = .)
 *(SORT_BY_NAME(.init_array.*))
 *(.init_array*)
 .init_array    0x08004720        0x4 D:/STM32CubeIDE/plugins/com.st.stm32cube.ide.mcu.externaltools.gnu-tools-for-stm32.12.3.rel1.win32_1.0.200.202406191623/tools/bin/../lib/gcc/arm-none-eabi/12.3.1/thumb/v7e-m+fp/hard/crtbegin.o
                0x08004724                        PROVIDE (__init_array_end = .)
                0x08004724                        . = ALIGN (0x4)

.fini_array     0x08004724        0x4
                0x08004724                        . = ALIGN (0x4)
                [!provide]                        PROVIDE (__fini_array_start = .)
 *(SORT_BY_NAME(.fini_array.*))
 *(.fini_array*)
 .fini_array    0x08004724        0x4 D:/STM32CubeIDE/plugins/com.st.stm32cube.ide.mcu.externaltools.gnu-tools-for-stm32.12.3.rel1.win32_1.0.200.202406191623/tools/bin/../lib/gcc/arm-none-eabi/12.3.1/thumb/v7e-m+fp/hard/crtbegin.o
                [!provide]                        PROVIDE (__fini_array_end = .)
                0x08004728                        . = ALIGN (0x4)
                0x08004728                        _sidata = LOADADDR (.data)

.data           0x20000000       0x10 load address 0x08004728
                0x20000000                        . = ALIGN (0x4)
                0x20000000                        _sdata = .
 *(.data)
 *(.data*)
 .data.target_yaw_angle
                0x20000000        0x4 ./Core/Src/main.o
                0x20000000                target_yaw_angle
 .data.SystemCoreClock
                0x20000004        0x4 ./Core/Src/system_stm32f4xx.o
                0x20000004                SystemCoreClock
 .data.uwTickPrio
                0x20000008        0x4 ./Drivers/STM32F4xx_HAL_Driver/Src/stm32f4xx_hal.o
                0x20000008                uwTickPrio
 .data.uwTickFreq
                0x2000000c        0x1 ./Drivers/STM32F4xx_HAL_Driver/Src/stm32f4xx_hal.o
                0x2000000c                uwTickFreq
 *(.RamFunc)
 *(.RamFunc*)
                0x20000010                        . = ALIGN (0x4)
 *fill*         0x2000000d        0x3 
                0x20000010                        _edata = .
                0x08004738                        _siccmram = LOADADDR (.ccmram)

.igot.plt       0x20000010        0x0 load address 0x08004738
 .igot.plt      0x20000010        0x0 D:/STM32CubeIDE/plugins/com.st.stm32cube.ide.mcu.externaltools.gnu-tools-for-stm32.12.3.rel1.win32_1.0.200.202406191623/tools/bin/../lib/gcc/arm-none-eabi/12.3.1/thumb/v7e-m+fp/hard/crtbegin.o

.ccmram         0x10000000        0x0 load address 0x08004738
                0x10000000                        . = ALIGN (0x4)
                0x10000000                        _sccmram = .
 *(.ccmram)
 *(.ccmram*)
                0x10000000                        . = ALIGN (0x4)
                0x10000000                        _eccmram = .
                0x10000000                        . = ALIGN (0x4)

.bss            0x20000010      0x188
                0x20000010                        _sbss = .
                0x20000010                        __bss_start__ = _sbss
 *(.bss)
 .bss           0x20000010       0x1c D:/STM32CubeIDE/plugins/com.st.stm32cube.ide.mcu.externaltools.gnu-tools-for-stm32.12.3.rel1.win32_1.0.200.202406191623/tools/bin/../lib/gcc/arm-none-eabi/12.3.1/thumb/v7e-m+fp/hard/crtbegin.o
 *(.bss*)
 .bss.hcan1     0x2000002c       0x28 ./Core/Src/can.o
                0x2000002c                hcan1
 .bss.led_cnt   0x20000054        0x2 ./Core/Src/main.o
                0x20000054                led_cnt
 *fill*         0x20000056        0x2 
 .bss.now_yaw_angle1
                0x20000058        0x4 ./Core/Src/main.o
                0x20000058                now_yaw_angle1
 .bss.now_yaw_angle2
                0x2000005c        0x4 ./Core/Src/main.o
                0x2000005c                now_yaw_angle2
 .bss.receiveData
                0x20000060        0x1 ./Core/Src/main.o
                0x20000060                receiveData
 *fill*         0x20000061        0x3 
 .bss.motor_yaw_info1
                0x20000064        0xc ./Core/Src/motor_can.o
                0x20000064                motor_yaw_info1
 .bss.motor_yaw_info2
                0x20000070        0xc ./Core/Src/motor_can.o
                0x20000070                motor_yaw_info2
 .bss.gimbal_yaw_speed_pid1
                0x2000007c       0x34 ./Core/Src/pid.o
                0x2000007c                gimbal_yaw_speed_pid1
 .bss.gimbal_yaw_speed_pid2
                0x200000b0       0x34 ./Core/Src/pid.o
                0x200000b0                gimbal_yaw_speed_pid2
 .bss.gimbal_yaw_angle_pid1
                0x200000e4       0x34 ./Core/Src/pid.o
                0x200000e4                gimbal_yaw_angle_pid1
 .bss.gimbal_yaw_angle_pid2
                0x20000118       0x34 ./Core/Src/pid.o
                0x20000118                gimbal_yaw_angle_pid2
 .bss.huart1    0x2000014c       0x48 ./Core/Src/usart.o
                0x2000014c                huart1
 .bss.uwTick    0x20000194        0x4 ./Drivers/STM32F4xx_HAL_Driver/Src/stm32f4xx_hal.o
                0x20000194                uwTick
 *(COMMON)
                0x20000198                        . = ALIGN (0x4)
                0x20000198                        _ebss = .
                0x20000198                        __bss_end__ = _ebss

._user_heap_stack
                0x20000198      0x600
                0x20000198                        . = ALIGN (0x8)
                [!provide]                        PROVIDE (end = .)
                0x20000198                        PROVIDE (_end = .)
                0x20000398                        . = (. + _Min_Heap_Size)
 *fill*         0x20000198      0x200 
                0x20000798                        . = (. + _Min_Stack_Size)
 *fill*         0x20000398      0x400 
                0x20000798                        . = ALIGN (0x8)

/DISCARD/
 libc.a(*)
 libm.a(*)
 libgcc.a(*)

.ARM.attributes
                0x00000000       0x30
 *(.ARM.attributes)
 .ARM.attributes
                0x00000000       0x22 D:/STM32CubeIDE/plugins/com.st.stm32cube.ide.mcu.externaltools.gnu-tools-for-stm32.12.3.rel1.win32_1.0.200.202406191623/tools/bin/../lib/gcc/arm-none-eabi/12.3.1/thumb/v7e-m+fp/hard/crti.o
 .ARM.attributes
                0x00000022       0x34 D:/STM32CubeIDE/plugins/com.st.stm32cube.ide.mcu.externaltools.gnu-tools-for-stm32.12.3.rel1.win32_1.0.200.202406191623/tools/bin/../lib/gcc/arm-none-eabi/12.3.1/thumb/v7e-m+fp/hard/crtbegin.o
 .ARM.attributes
                0x00000056       0x34 ./Core/Src/can.o
 .ARM.attributes
                0x0000008a       0x34 ./Core/Src/gpio.o
 .ARM.attributes
                0x000000be       0x34 ./Core/Src/main.o
 .ARM.attributes
                0x000000f2       0x34 ./Core/Src/motor_can.o
 .ARM.attributes
                0x00000126       0x34 ./Core/Src/pid.o
 .ARM.attributes
                0x0000015a       0x34 ./Core/Src/stm32f4xx_hal_msp.o
 .ARM.attributes
                0x0000018e       0x34 ./Core/Src/stm32f4xx_it.o
 .ARM.attributes
                0x000001c2       0x34 ./Core/Src/system_stm32f4xx.o
 .ARM.attributes
                0x000001f6       0x34 ./Core/Src/usart.o
 .ARM.attributes
                0x0000022a       0x21 ./Core/Startup/startup_stm32f407ighx.o
 .ARM.attributes
                0x0000024b       0x34 ./Drivers/STM32F4xx_HAL_Driver/Src/stm32f4xx_hal.o
 .ARM.attributes
                0x0000027f       0x34 ./Drivers/STM32F4xx_HAL_Driver/Src/stm32f4xx_hal_can.o
 .ARM.attributes
                0x000002b3       0x34 ./Drivers/STM32F4xx_HAL_Driver/Src/stm32f4xx_hal_cortex.o
 .ARM.attributes
                0x000002e7       0x34 ./Drivers/STM32F4xx_HAL_Driver/Src/stm32f4xx_hal_dma.o
 .ARM.attributes
                0x0000031b       0x34 ./Drivers/STM32F4xx_HAL_Driver/Src/stm32f4xx_hal_gpio.o
 .ARM.attributes
                0x0000034f       0x34 ./Drivers/STM32F4xx_HAL_Driver/Src/stm32f4xx_hal_rcc.o
 .ARM.attributes
                0x00000383       0x34 ./Drivers/STM32F4xx_HAL_Driver/Src/stm32f4xx_hal_uart.o
 .ARM.attributes
                0x000003b7       0x34 D:/STM32CubeIDE/plugins/com.st.stm32cube.ide.mcu.externaltools.gnu-tools-for-stm32.12.3.rel1.win32_1.0.200.202406191623/tools/bin/../lib/gcc/arm-none-eabi/12.3.1/../../../../arm-none-eabi/lib/thumb/v7e-m+fp/hard\libc_nano.a(libc_a-memset.o)
 .ARM.attributes
                0x000003eb       0x34 D:/STM32CubeIDE/plugins/com.st.stm32cube.ide.mcu.externaltools.gnu-tools-for-stm32.12.3.rel1.win32_1.0.200.202406191623/tools/bin/../lib/gcc/arm-none-eabi/12.3.1/../../../../arm-none-eabi/lib/thumb/v7e-m+fp/hard\libc_nano.a(libc_a-init.o)
 .ARM.attributes
                0x0000041f       0x22 D:/STM32CubeIDE/plugins/com.st.stm32cube.ide.mcu.externaltools.gnu-tools-for-stm32.12.3.rel1.win32_1.0.200.202406191623/tools/bin/../lib/gcc/arm-none-eabi/12.3.1/thumb/v7e-m+fp/hard\libgcc.a(_arm_addsubdf3.o)
 .ARM.attributes
                0x00000441       0x22 D:/STM32CubeIDE/plugins/com.st.stm32cube.ide.mcu.externaltools.gnu-tools-for-stm32.12.3.rel1.win32_1.0.200.202406191623/tools/bin/../lib/gcc/arm-none-eabi/12.3.1/thumb/v7e-m+fp/hard\libgcc.a(_arm_muldivdf3.o)
 .ARM.attributes
                0x00000463       0x22 D:/STM32CubeIDE/plugins/com.st.stm32cube.ide.mcu.externaltools.gnu-tools-for-stm32.12.3.rel1.win32_1.0.200.202406191623/tools/bin/../lib/gcc/arm-none-eabi/12.3.1/thumb/v7e-m+fp/hard\libgcc.a(_arm_truncdfsf2.o)
 .ARM.attributes
                0x00000485       0x22 D:/STM32CubeIDE/plugins/com.st.stm32cube.ide.mcu.externaltools.gnu-tools-for-stm32.12.3.rel1.win32_1.0.200.202406191623/tools/bin/../lib/gcc/arm-none-eabi/12.3.1/thumb/v7e-m+fp/hard\libgcc.a(_aeabi_uldivmod.o)
 .ARM.attributes
                0x000004a7       0x34 D:/STM32CubeIDE/plugins/com.st.stm32cube.ide.mcu.externaltools.gnu-tools-for-stm32.12.3.rel1.win32_1.0.200.202406191623/tools/bin/../lib/gcc/arm-none-eabi/12.3.1/thumb/v7e-m+fp/hard\libgcc.a(_udivmoddi4.o)
 .ARM.attributes
                0x000004db       0x22 D:/STM32CubeIDE/plugins/com.st.stm32cube.ide.mcu.externaltools.gnu-tools-for-stm32.12.3.rel1.win32_1.0.200.202406191623/tools/bin/../lib/gcc/arm-none-eabi/12.3.1/thumb/v7e-m+fp/hard\libgcc.a(_dvmd_tls.o)
 .ARM.attributes
                0x000004fd       0x22 D:/STM32CubeIDE/plugins/com.st.stm32cube.ide.mcu.externaltools.gnu-tools-for-stm32.12.3.rel1.win32_1.0.200.202406191623/tools/bin/../lib/gcc/arm-none-eabi/12.3.1/thumb/v7e-m+fp/hard/crtn.o
OUTPUT(CAN_GM6020.elf elf32-littlearm)
LOAD linker stubs
LOAD D:/STM32CubeIDE/plugins/com.st.stm32cube.ide.mcu.externaltools.gnu-tools-for-stm32.12.3.rel1.win32_1.0.200.202406191623/tools/bin/../lib/gcc/arm-none-eabi/12.3.1/../../../../arm-none-eabi/lib/thumb/v7e-m+fp/hard\libc.a
LOAD D:/STM32CubeIDE/plugins/com.st.stm32cube.ide.mcu.externaltools.gnu-tools-for-stm32.12.3.rel1.win32_1.0.200.202406191623/tools/bin/../lib/gcc/arm-none-eabi/12.3.1/../../../../arm-none-eabi/lib/thumb/v7e-m+fp/hard\libm.a
LOAD D:/STM32CubeIDE/plugins/com.st.stm32cube.ide.mcu.externaltools.gnu-tools-for-stm32.12.3.rel1.win32_1.0.200.202406191623/tools/bin/../lib/gcc/arm-none-eabi/12.3.1/thumb/v7e-m+fp/hard\libgcc.a

.debug_info     0x00000000     0xb6a5
 .debug_info    0x00000000      0xabb ./Core/Src/can.o
 .debug_info    0x00000abb      0x425 ./Core/Src/gpio.o
 .debug_info    0x00000ee0     0x1239 ./Core/Src/main.o
 .debug_info    0x00002119      0x84e ./Core/Src/motor_can.o
 .debug_info    0x00002967      0x22f ./Core/Src/pid.o
 .debug_info    0x00002b96      0x269 ./Core/Src/stm32f4xx_hal_msp.o
 .debug_info    0x00002dff      0xa2d ./Core/Src/stm32f4xx_it.o
 .debug_info    0x0000382c      0x512 ./Core/Src/system_stm32f4xx.o
 .debug_info    0x00003d3e      0xba9 ./Core/Src/usart.o
 .debug_info    0x000048e7       0x30 ./Core/Startup/startup_stm32f407ighx.o
 .debug_info    0x00004917      0x944 ./Drivers/STM32F4xx_HAL_Driver/Src/stm32f4xx_hal.o
 .debug_info    0x0000525b      0xf49 ./Drivers/STM32F4xx_HAL_Driver/Src/stm32f4xx_hal_can.o
 .debug_info    0x000061a4      0xd57 ./Drivers/STM32F4xx_HAL_Driver/Src/stm32f4xx_hal_cortex.o
 .debug_info    0x00006efb      0x8e7 ./Drivers/STM32F4xx_HAL_Driver/Src/stm32f4xx_hal_dma.o
 .debug_info    0x000077e2      0x6c3 ./Drivers/STM32F4xx_HAL_Driver/Src/stm32f4xx_hal_gpio.o
 .debug_info    0x00007ea5      0x8b1 ./Drivers/STM32F4xx_HAL_Driver/Src/stm32f4xx_hal_rcc.o
 .debug_info    0x00008756     0x2f4f ./Drivers/STM32F4xx_HAL_Driver/Src/stm32f4xx_hal_uart.o

.debug_abbrev   0x00000000     0x20a7
 .debug_abbrev  0x00000000      0x21f ./Core/Src/can.o
 .debug_abbrev  0x0000021f      0x152 ./Core/Src/gpio.o
 .debug_abbrev  0x00000371      0x2c8 ./Core/Src/main.o
 .debug_abbrev  0x00000639      0x1d0 ./Core/Src/motor_can.o
 .debug_abbrev  0x00000809      0x114 ./Core/Src/pid.o
 .debug_abbrev  0x0000091d       0xd8 ./Core/Src/stm32f4xx_hal_msp.o
 .debug_abbrev  0x000009f5      0x1cc ./Core/Src/stm32f4xx_it.o
 .debug_abbrev  0x00000bc1      0x11a ./Core/Src/system_stm32f4xx.o
 .debug_abbrev  0x00000cdb      0x218 ./Core/Src/usart.o
 .debug_abbrev  0x00000ef3       0x24 ./Core/Startup/startup_stm32f407ighx.o
 .debug_abbrev  0x00000f17      0x214 ./Drivers/STM32F4xx_HAL_Driver/Src/stm32f4xx_hal.o
 .debug_abbrev  0x0000112b      0x258 ./Drivers/STM32F4xx_HAL_Driver/Src/stm32f4xx_hal_can.o
 .debug_abbrev  0x00001383      0x328 ./Drivers/STM32F4xx_HAL_Driver/Src/stm32f4xx_hal_cortex.o
 .debug_abbrev  0x000016ab      0x264 ./Drivers/STM32F4xx_HAL_Driver/Src/stm32f4xx_hal_dma.o
 .debug_abbrev  0x0000190f      0x1d4 ./Drivers/STM32F4xx_HAL_Driver/Src/stm32f4xx_hal_gpio.o
 .debug_abbrev  0x00001ae3      0x2b6 ./Drivers/STM32F4xx_HAL_Driver/Src/stm32f4xx_hal_rcc.o
 .debug_abbrev  0x00001d99      0x30e ./Drivers/STM32F4xx_HAL_Driver/Src/stm32f4xx_hal_uart.o

.debug_aranges  0x00000000      0x8c8
 .debug_aranges
                0x00000000       0x30 ./Core/Src/can.o
 .debug_aranges
                0x00000030       0x20 ./Core/Src/gpio.o
 .debug_aranges
                0x00000050       0x40 ./Core/Src/main.o
 .debug_aranges
                0x00000090       0x30 ./Core/Src/motor_can.o
 .debug_aranges
                0x000000c0       0x30 ./Core/Src/pid.o
 .debug_aranges
                0x000000f0       0x20 ./Core/Src/stm32f4xx_hal_msp.o
 .debug_aranges
                0x00000110       0x78 ./Core/Src/stm32f4xx_it.o
 .debug_aranges
                0x00000188       0x28 ./Core/Src/system_stm32f4xx.o
 .debug_aranges
                0x000001b0       0x30 ./Core/Src/usart.o
 .debug_aranges
                0x000001e0       0x28 ./Core/Startup/startup_stm32f407ighx.o
 .debug_aranges
                0x00000208       0xf0 ./Drivers/STM32F4xx_HAL_Driver/Src/stm32f4xx_hal.o
 .debug_aranges
                0x000002f8      0x138 ./Drivers/STM32F4xx_HAL_Driver/Src/stm32f4xx_hal_can.o
 .debug_aranges
                0x00000430      0x120 ./Drivers/STM32F4xx_HAL_Driver/Src/stm32f4xx_hal_cortex.o
 .debug_aranges
                0x00000550       0x90 ./Drivers/STM32F4xx_HAL_Driver/Src/stm32f4xx_hal_dma.o
 .debug_aranges
                0x000005e0       0x58 ./Drivers/STM32F4xx_HAL_Driver/Src/stm32f4xx_hal_gpio.o
 .debug_aranges
                0x00000638       0x88 ./Drivers/STM32F4xx_HAL_Driver/Src/stm32f4xx_hal_rcc.o
 .debug_aranges
                0x000006c0      0x208 ./Drivers/STM32F4xx_HAL_Driver/Src/stm32f4xx_hal_uart.o

.debug_rnglists
                0x00000000      0x6a0
 .debug_rnglists
                0x00000000       0x20 ./Core/Src/can.o
 .debug_rnglists
                0x00000020       0x14 ./Core/Src/gpio.o
 .debug_rnglists
                0x00000034       0x2e ./Core/Src/main.o
 .debug_rnglists
                0x00000062       0x20 ./Core/Src/motor_can.o
 .debug_rnglists
                0x00000082       0x21 ./Core/Src/pid.o
 .debug_rnglists
                0x000000a3       0x13 ./Core/Src/stm32f4xx_hal_msp.o
 .debug_rnglists
                0x000000b6       0x55 ./Core/Src/stm32f4xx_it.o
 .debug_rnglists
                0x0000010b       0x1a ./Core/Src/system_stm32f4xx.o
 .debug_rnglists
                0x00000125       0x20 ./Core/Src/usart.o
 .debug_rnglists
                0x00000145       0x19 ./Core/Startup/startup_stm32f407ighx.o
 .debug_rnglists
                0x0000015e       0xaf ./Drivers/STM32F4xx_HAL_Driver/Src/stm32f4xx_hal.o
 .debug_rnglists
                0x0000020d       0xee ./Drivers/STM32F4xx_HAL_Driver/Src/stm32f4xx_hal_can.o
 .debug_rnglists
                0x000002fb       0xd4 ./Drivers/STM32F4xx_HAL_Driver/Src/stm32f4xx_hal_cortex.o
 .debug_rnglists
                0x000003cf       0x70 ./Drivers/STM32F4xx_HAL_Driver/Src/stm32f4xx_hal_dma.o
 .debug_rnglists
                0x0000043f       0x3f ./Drivers/STM32F4xx_HAL_Driver/Src/stm32f4xx_hal_gpio.o
 .debug_rnglists
                0x0000047e       0x66 ./Drivers/STM32F4xx_HAL_Driver/Src/stm32f4xx_hal_rcc.o
 .debug_rnglists
                0x000004e4      0x1bc ./Drivers/STM32F4xx_HAL_Driver/Src/stm32f4xx_hal_uart.o

.debug_macro    0x00000000    0x2040a
 .debug_macro   0x00000000      0x1d8 ./Core/Src/can.o
 .debug_macro   0x000001d8      0xab4 ./Core/Src/can.o
 .debug_macro   0x00000c8c      0x29b ./Core/Src/can.o
 .debug_macro   0x00000f27       0x2e ./Core/Src/can.o
 .debug_macro   0x00000f55       0x2f ./Core/Src/can.o
 .debug_macro   0x00000f84       0x22 ./Core/Src/can.o
 .debug_macro   0x00000fa6       0x8e ./Core/Src/can.o
 .debug_macro   0x00001034       0x51 ./Core/Src/can.o
 .debug_macro   0x00001085      0x103 ./Core/Src/can.o
 .debug_macro   0x00001188       0x6a ./Core/Src/can.o
 .debug_macro   0x000011f2      0x1df ./Core/Src/can.o
 .debug_macro   0x000013d1       0x1c ./Core/Src/can.o
 .debug_macro   0x000013ed       0x22 ./Core/Src/can.o
 .debug_macro   0x0000140f       0xfb ./Core/Src/can.o
 .debug_macro   0x0000150a     0x1011 ./Core/Src/can.o
 .debug_macro   0x0000251b      0x11f ./Core/Src/can.o
 .debug_macro   0x0000263a    0x15e97 ./Core/Src/can.o
 .debug_macro   0x000184d1       0x6d ./Core/Src/can.o
 .debug_macro   0x0001853e     0x368c ./Core/Src/can.o
 .debug_macro   0x0001bbca      0x189 ./Core/Src/can.o
 .debug_macro   0x0001bd53       0x5c ./Core/Src/can.o
 .debug_macro   0x0001bdaf      0x980 ./Core/Src/can.o
 .debug_macro   0x0001c72f      0x9e9 ./Core/Src/can.o
 .debug_macro   0x0001d118      0x115 ./Core/Src/can.o
 .debug_macro   0x0001d22d      0x13e ./Core/Src/can.o
 .debug_macro   0x0001d36b       0xa5 ./Core/Src/can.o
 .debug_macro   0x0001d410      0x174 ./Core/Src/can.o
 .debug_macro   0x0001d584      0x287 ./Core/Src/can.o
 .debug_macro   0x0001d80b       0x5f ./Core/Src/can.o
 .debug_macro   0x0001d86a      0x236 ./Core/Src/can.o
 .debug_macro   0x0001daa0      0x40f ./Core/Src/can.o
 .debug_macro   0x0001deaf      0x12c ./Core/Src/can.o
 .debug_macro   0x0001dfdb      0x21e ./Core/Src/can.o
 .debug_macro   0x0001e1f9       0x2e ./Core/Src/can.o
 .debug_macro   0x0001e227      0x127 ./Core/Src/can.o
 .debug_macro   0x0001e34e       0x7e ./Core/Src/can.o
 .debug_macro   0x0001e3cc       0x89 ./Core/Src/can.o
 .debug_macro   0x0001e455      0x2aa ./Core/Src/can.o
 .debug_macro   0x0001e6ff      0x12d ./Core/Src/can.o
 .debug_macro   0x0001e82c      0x1d8 ./Core/Src/gpio.o
 .debug_macro   0x0001ea04      0x20e ./Core/Src/main.o
 .debug_macro   0x0001ec12      0x1e2 ./Core/Src/motor_can.o
 .debug_macro   0x0001edf4      0x1d8 ./Core/Src/pid.o
 .debug_macro   0x0001efcc      0x1ce ./Core/Src/stm32f4xx_hal_msp.o
 .debug_macro   0x0001f19a      0x1d8 ./Core/Src/stm32f4xx_it.o
 .debug_macro   0x0001f372      0x1c4 ./Core/Src/system_stm32f4xx.o
 .debug_macro   0x0001f536      0x1d8 ./Core/Src/usart.o
 .debug_macro   0x0001f70e      0x224 ./Drivers/STM32F4xx_HAL_Driver/Src/stm32f4xx_hal.o
 .debug_macro   0x0001f932      0x1d3 ./Drivers/STM32F4xx_HAL_Driver/Src/stm32f4xx_hal_can.o
 .debug_macro   0x0001fb05      0x1c4 ./Drivers/STM32F4xx_HAL_Driver/Src/stm32f4xx_hal_cortex.o
 .debug_macro   0x0001fcc9      0x1ca ./Drivers/STM32F4xx_HAL_Driver/Src/stm32f4xx_hal_dma.o
 .debug_macro   0x0001fe93      0x1ca ./Drivers/STM32F4xx_HAL_Driver/Src/stm32f4xx_hal_gpio.o
 .debug_macro   0x0002005d      0x1e8 ./Drivers/STM32F4xx_HAL_Driver/Src/stm32f4xx_hal_rcc.o
 .debug_macro   0x00020245      0x1c5 ./Drivers/STM32F4xx_HAL_Driver/Src/stm32f4xx_hal_uart.o

.debug_line     0x00000000     0xbb8b
 .debug_line    0x00000000      0x74c ./Core/Src/can.o
 .debug_line    0x0000074c      0x6e9 ./Core/Src/gpio.o
 .debug_line    0x00000e35      0x816 ./Core/Src/main.o
 .debug_line    0x0000164b      0x7d8 ./Core/Src/motor_can.o
 .debug_line    0x00001e23      0x75e ./Core/Src/pid.o
 .debug_line    0x00002581      0x6d9 ./Core/Src/stm32f4xx_hal_msp.o
 .debug_line    0x00002c5a      0x7e3 ./Core/Src/stm32f4xx_it.o
 .debug_line    0x0000343d      0x75d ./Core/Src/system_stm32f4xx.o
 .debug_line    0x00003b9a      0x757 ./Core/Src/usart.o
 .debug_line    0x000042f1       0x7a ./Core/Startup/startup_stm32f407ighx.o
 .debug_line    0x0000436b      0x9c6 ./Drivers/STM32F4xx_HAL_Driver/Src/stm32f4xx_hal.o
 .debug_line    0x00004d31     0x1175 ./Drivers/STM32F4xx_HAL_Driver/Src/stm32f4xx_hal_can.o
 .debug_line    0x00005ea6      0xc8e ./Drivers/STM32F4xx_HAL_Driver/Src/stm32f4xx_hal_cortex.o
 .debug_line    0x00006b34      0xf36 ./Drivers/STM32F4xx_HAL_Driver/Src/stm32f4xx_hal_dma.o
 .debug_line    0x00007a6a      0xb52 ./Drivers/STM32F4xx_HAL_Driver/Src/stm32f4xx_hal_gpio.o
 .debug_line    0x000085bc      0xd37 ./Drivers/STM32F4xx_HAL_Driver/Src/stm32f4xx_hal_rcc.o
 .debug_line    0x000092f3     0x2898 ./Drivers/STM32F4xx_HAL_Driver/Src/stm32f4xx_hal_uart.o

.debug_str      0x00000000    0xc1b62
 .debug_str     0x00000000    0xbf4c0 ./Core/Src/can.o
                              0xbf777 (size before relaxing)
 .debug_str     0x000bf4c0       0x68 ./Core/Src/gpio.o
                              0xbef95 (size before relaxing)
 .debug_str     0x000bf528      0x844 ./Core/Src/main.o
                              0xbfa6b (size before relaxing)
 .debug_str     0x000bfd6c      0x1a0 ./Core/Src/motor_can.o
                              0xbf33b (size before relaxing)
 .debug_str     0x000bff0c       0x1b ./Core/Src/pid.o
                              0xbee83 (size before relaxing)
 .debug_str     0x000bff27       0x2c ./Core/Src/stm32f4xx_hal_msp.o
                              0xbeeca (size before relaxing)
 .debug_str     0x000bff53      0x12a ./Core/Src/stm32f4xx_it.o
                              0xbf5a4 (size before relaxing)
 .debug_str     0x000c007d       0xdb ./Core/Src/system_stm32f4xx.o
                              0xbef7a (size before relaxing)
 .debug_str     0x000c0158       0x51 ./Core/Src/usart.o
                              0xbf986 (size before relaxing)
 .debug_str     0x000c01a9       0x44 ./Core/Startup/startup_stm32f407ighx.o
                                 0x7b (size before relaxing)
 .debug_str     0x000c01ed      0x60d ./Drivers/STM32F4xx_HAL_Driver/Src/stm32f4xx_hal.o
                              0xbfafe (size before relaxing)
 .debug_str     0x000c07fa      0x401 ./Drivers/STM32F4xx_HAL_Driver/Src/stm32f4xx_hal_can.o
                              0xbf674 (size before relaxing)
 .debug_str     0x000c0bfb      0x33a ./Drivers/STM32F4xx_HAL_Driver/Src/stm32f4xx_hal_cortex.o
                              0xbf848 (size before relaxing)
 .debug_str     0x000c0f35      0x322 ./Drivers/STM32F4xx_HAL_Driver/Src/stm32f4xx_hal_dma.o
                              0xbf394 (size before relaxing)
 .debug_str     0x000c1257      0x10e ./Drivers/STM32F4xx_HAL_Driver/Src/stm32f4xx_hal_gpio.o
                              0xbf0f5 (size before relaxing)
 .debug_str     0x000c1365      0x233 ./Drivers/STM32F4xx_HAL_Driver/Src/stm32f4xx_hal_rcc.o
                              0xbf3ae (size before relaxing)
 .debug_str     0x000c1598      0x5ca ./Drivers/STM32F4xx_HAL_Driver/Src/stm32f4xx_hal_uart.o
                              0xbf98f (size before relaxing)

.comment        0x00000000       0x43
 .comment       0x00000000       0x43 ./Core/Src/can.o
                                 0x44 (size before relaxing)
 .comment       0x00000043       0x44 ./Core/Src/gpio.o
 .comment       0x00000043       0x44 ./Core/Src/main.o
 .comment       0x00000043       0x44 ./Core/Src/motor_can.o
 .comment       0x00000043       0x44 ./Core/Src/pid.o
 .comment       0x00000043       0x44 ./Core/Src/stm32f4xx_hal_msp.o
 .comment       0x00000043       0x44 ./Core/Src/stm32f4xx_it.o
 .comment       0x00000043       0x44 ./Core/Src/system_stm32f4xx.o
 .comment       0x00000043       0x44 ./Core/Src/usart.o
 .comment       0x00000043       0x44 ./Drivers/STM32F4xx_HAL_Driver/Src/stm32f4xx_hal.o
 .comment       0x00000043       0x44 ./Drivers/STM32F4xx_HAL_Driver/Src/stm32f4xx_hal_can.o
 .comment       0x00000043       0x44 ./Drivers/STM32F4xx_HAL_Driver/Src/stm32f4xx_hal_cortex.o
 .comment       0x00000043       0x44 ./Drivers/STM32F4xx_HAL_Driver/Src/stm32f4xx_hal_dma.o
 .comment       0x00000043       0x44 ./Drivers/STM32F4xx_HAL_Driver/Src/stm32f4xx_hal_gpio.o
 .comment       0x00000043       0x44 ./Drivers/STM32F4xx_HAL_Driver/Src/stm32f4xx_hal_rcc.o
 .comment       0x00000043       0x44 ./Drivers/STM32F4xx_HAL_Driver/Src/stm32f4xx_hal_uart.o

.debug_frame    0x00000000     0x232c
 .debug_frame   0x00000000       0x74 ./Core/Src/can.o
 .debug_frame   0x00000074       0x34 ./Core/Src/gpio.o
 .debug_frame   0x000000a8       0xb4 ./Core/Src/main.o
 .debug_frame   0x0000015c       0x7c ./Core/Src/motor_can.o
 .debug_frame   0x000001d8       0x7c ./Core/Src/pid.o
 .debug_frame   0x00000254       0x38 ./Core/Src/stm32f4xx_hal_msp.o
 .debug_frame   0x0000028c      0x158 ./Core/Src/stm32f4xx_it.o
 .debug_frame   0x000003e4       0x58 ./Core/Src/system_stm32f4xx.o
 .debug_frame   0x0000043c       0x74 ./Core/Src/usart.o
 .debug_frame   0x000004b0      0x374 ./Drivers/STM32F4xx_HAL_Driver/Src/stm32f4xx_hal.o
 .debug_frame   0x00000824      0x5a0 ./Drivers/STM32F4xx_HAL_Driver/Src/stm32f4xx_hal_can.o
 .debug_frame   0x00000dc4      0x4b8 ./Drivers/STM32F4xx_HAL_Driver/Src/stm32f4xx_hal_cortex.o
 .debug_frame   0x0000127c      0x250 ./Drivers/STM32F4xx_HAL_Driver/Src/stm32f4xx_hal_dma.o
 .debug_frame   0x000014cc      0x14c ./Drivers/STM32F4xx_HAL_Driver/Src/stm32f4xx_hal_gpio.o
 .debug_frame   0x00001618      0x1f4 ./Drivers/STM32F4xx_HAL_Driver/Src/stm32f4xx_hal_rcc.o
 .debug_frame   0x0000180c      0x954 ./Drivers/STM32F4xx_HAL_Driver/Src/stm32f4xx_hal_uart.o
 .debug_frame   0x00002160       0x20 D:/STM32CubeIDE/plugins/com.st.stm32cube.ide.mcu.externaltools.gnu-tools-for-stm32.12.3.rel1.win32_1.0.200.202406191623/tools/bin/../lib/gcc/arm-none-eabi/12.3.1/../../../../arm-none-eabi/lib/thumb/v7e-m+fp/hard\libc_nano.a(libc_a-memset.o)
 .debug_frame   0x00002180       0x2c D:/STM32CubeIDE/plugins/com.st.stm32cube.ide.mcu.externaltools.gnu-tools-for-stm32.12.3.rel1.win32_1.0.200.202406191623/tools/bin/../lib/gcc/arm-none-eabi/12.3.1/../../../../arm-none-eabi/lib/thumb/v7e-m+fp/hard\libc_nano.a(libc_a-init.o)
 .debug_frame   0x000021ac       0xac D:/STM32CubeIDE/plugins/com.st.stm32cube.ide.mcu.externaltools.gnu-tools-for-stm32.12.3.rel1.win32_1.0.200.202406191623/tools/bin/../lib/gcc/arm-none-eabi/12.3.1/thumb/v7e-m+fp/hard\libgcc.a(_arm_addsubdf3.o)
 .debug_frame   0x00002258       0x50 D:/STM32CubeIDE/plugins/com.st.stm32cube.ide.mcu.externaltools.gnu-tools-for-stm32.12.3.rel1.win32_1.0.200.202406191623/tools/bin/../lib/gcc/arm-none-eabi/12.3.1/thumb/v7e-m+fp/hard\libgcc.a(_arm_muldivdf3.o)
 .debug_frame   0x000022a8       0x24 D:/STM32CubeIDE/plugins/com.st.stm32cube.ide.mcu.externaltools.gnu-tools-for-stm32.12.3.rel1.win32_1.0.200.202406191623/tools/bin/../lib/gcc/arm-none-eabi/12.3.1/thumb/v7e-m+fp/hard\libgcc.a(_arm_truncdfsf2.o)
 .debug_frame   0x000022cc       0x2c D:/STM32CubeIDE/plugins/com.st.stm32cube.ide.mcu.externaltools.gnu-tools-for-stm32.12.3.rel1.win32_1.0.200.202406191623/tools/bin/../lib/gcc/arm-none-eabi/12.3.1/thumb/v7e-m+fp/hard\libgcc.a(_aeabi_uldivmod.o)
 .debug_frame   0x000022f8       0x34 D:/STM32CubeIDE/plugins/com.st.stm32cube.ide.mcu.externaltools.gnu-tools-for-stm32.12.3.rel1.win32_1.0.200.202406191623/tools/bin/../lib/gcc/arm-none-eabi/12.3.1/thumb/v7e-m+fp/hard\libgcc.a(_udivmoddi4.o)

.debug_line_str
                0x00000000       0x5f
 .debug_line_str
                0x00000000       0x5f ./Core/Startup/startup_stm32f407ighx.o
